[eda-processed] 2026-05-10 04:10:13,303 INFO [processed_records.csv] Filas analizadas: 100000
[eda-processed] 2026-05-10 04:10:14,248 INFO [processed_records.csv] Filas analizadas: 200000
[eda-processed] 2026-05-10 04:10:15,601 INFO [processed_records.csv] Filas analizadas: 300000
[eda-processed] 2026-05-10 04:10:16,851 INFO [processed_records.csv] Filas analizadas: 400000
[eda-processed] 2026-05-10 04:10:18,198 INFO [processed_records.csv] Filas analizadas: 500000
[eda-processed] 2026-05-10 04:10:19,505 INFO [processed_records.csv] Filas analizadas: 600000
[eda-processed] 2026-05-10 04:10:20,703 INFO [processed_records.csv] Filas analizadas: 700000
[eda-processed] 2026-05-10 04:10:21,928 INFO [processed_records.csv] Filas analizadas: 800000
[eda-processed] 2026-05-10 04:10:23,281 INFO [processed_records.csv] Filas analizadas: 900000
[eda-processed] 2026-05-10 04:10:24,656 INFO [processed_records.csv] Filas analizadas: 1000000
[eda-processed] 2026-05-10 04:10:26,042 INFO [processed_records.csv] Filas analizadas: 1100000
[eda-processed] 2026-05-10 04:10:26,769 INFO Streaming EDA completado para processed_records.csv: 1141426 filas
[eda-processed] 2026-05-10 04:10:26,770 INFO Cargando processed_records.csv con Pandas...
[eda-processed] 2026-05-10 04:10:42,139 INFO Generando evolución histórica...
[eda-processed] 2026-05-10 04:10:43,619 INFO Generando tipos de procesos...
[eda-processed] 2026-05-10 04:10:44,011 INFO Generando carga por departamento...
[eda-processed] 2026-05-10 04:10:44,581 INFO Generando tiempo de resolución...
[eda-processed] 2026-05-10 04:14:51,882 INFO [processed_records.csv] Filas analizadas: 100000
[eda-processed] 2026-05-10 04:14:52,928 INFO [processed_records.csv] Filas analizadas: 200000
[eda-processed] 2026-05-10 04:14:54,219 INFO [processed_records.csv] Filas analizadas: 300000
[eda-processed] 2026-05-10 04:14:55,578 INFO [processed_records.csv] Filas analizadas: 400000
[eda-processed] 2026-05-10 04:14:56,936 INFO [processed_records.csv] Filas analizadas: 500000
[eda-processed] 2026-05-10 04:14:58,356 INFO [processed_records.csv] Filas analizadas: 600000
[eda-processed] 2026-05-10 04:14:59,575 INFO [processed_records.csv] Filas analizadas: 700000
[eda-processed] 2026-05-10 04:15:00,890 INFO [processed_records.csv] Filas analizadas: 800000
[eda-processed] 2026-05-10 04:15:02,258 INFO [processed_records.csv] Filas analizadas: 900000
[eda-processed] 2026-05-10 04:15:03,590 INFO [processed_records.csv] Filas analizadas: 1000000
[eda-processed] 2026-05-10 04:15:04,968 INFO [processed_records.csv] Filas analizadas: 1100000
[eda-processed] 2026-05-10 04:15:05,574 INFO Streaming EDA completado para processed_records.csv: 1141426 filas
[eda-processed] 2026-05-10 04:15:05,575 INFO Cargando processed_records.csv con Pandas...
[eda-processed] 2026-05-10 04:15:17,279 INFO Cargado exitosamente con encoding: utf-8
[eda-processed] 2026-05-10 04:15:20,590 INFO Generando evolución histórica...
[eda-processed] 2026-05-10 04:15:21,338 INFO Generando tipos de procesos...
[eda-processed] 2026-05-10 04:15:21,723 INFO Generando carga por departamento...
[eda-processed] 2026-05-10 04:15:22,213 INFO Generando tiempo de resolución...
[eda-processed] 2026-05-10 04:15:25,998 INFO Generando tipos de resolución...
[eda-processed] 2026-05-10 04:22:56,152 INFO [processed_records.csv] Filas analizadas: 100000
[eda-processed] 2026-05-10 04:22:57,227 INFO [processed_records.csv] Filas analizadas: 200000
[eda-processed] 2026-05-10 04:22:58,486 INFO [processed_records.csv] Filas analizadas: 300000
[eda-processed] 2026-05-10 04:22:59,947 INFO [processed_records.csv] Filas analizadas: 400000
[eda-processed] 2026-05-10 04:23:01,337 INFO [processed_records.csv] Filas analizadas: 500000
[eda-processed] 2026-05-10 04:23:02,686 INFO [processed_records.csv] Filas analizadas: 600000
[eda-processed] 2026-05-10 04:23:03,881 INFO [processed_records.csv] Filas analizadas: 700000
[eda-processed] 2026-05-10 04:23:05,138 INFO [processed_records.csv] Filas analizadas: 800000
[eda-processed] 2026-05-10 04:23:06,514 INFO [processed_records.csv] Filas analizadas: 900000
[eda-processed] 2026-05-10 04:23:07,858 INFO [processed_records.csv] Filas analizadas: 1000000
[eda-processed] 2026-05-10 04:23:09,300 INFO [processed_records.csv] Filas analizadas: 1100000
[eda-processed] 2026-05-10 04:23:09,944 INFO Streaming EDA completado para processed_records.csv: 1141426 filas
[eda-processed] 2026-05-10 04:23:09,945 INFO Cargando processed_records.csv con Pandas...
[eda-processed] 2026-05-10 04:23:21,168 INFO Cargado exitosamente con encoding: utf-8
[eda-processed] 2026-05-10 04:23:24,442 INFO Generando evolución histórica...
[eda-processed] 2026-05-10 04:23:25,173 INFO Generando tipos de procesos...
[eda-processed] 2026-05-10 04:23:25,536 INFO Generando carga por departamento...
[eda-processed] 2026-05-10 04:23:26,028 INFO Generando tiempo de resolución...
[eda-processed] 2026-05-10 04:23:29,822 INFO Generando tipos de resolución...
[eda-processed] 2026-05-10 04:23:30,047 INFO Generando heatmap Proceso vs Fallo...
[eda-processed] 2026-05-10 04:27:18,708 INFO [processed_records.csv] Filas analizadas: 100000
[eda-processed] 2026-05-10 04:27:19,800 INFO [processed_records.csv] Filas analizadas: 200000
[eda-processed] 2026-05-10 04:27:21,121 INFO [processed_records.csv] Filas analizadas: 300000
[eda-processed] 2026-05-10 04:27:22,456 INFO [processed_records.csv] Filas analizadas: 400000
[eda-processed] 2026-05-10 04:27:23,782 INFO [processed_records.csv] Filas analizadas: 500000
[eda-processed] 2026-05-10 04:27:25,144 INFO [processed_records.csv] Filas analizadas: 600000
[eda-processed] 2026-05-10 04:27:26,471 INFO [processed_records.csv] Filas analizadas: 700000
[eda-processed] 2026-05-10 04:27:27,760 INFO [processed_records.csv] Filas analizadas: 800000
[eda-processed] 2026-05-10 04:27:29,190 INFO [processed_records.csv] Filas analizadas: 900000
[eda-processed] 2026-05-10 04:27:30,535 INFO [processed_records.csv] Filas analizadas: 1000000
[eda-processed] 2026-05-10 04:27:31,858 INFO [processed_records.csv] Filas analizadas: 1100000
[eda-processed] 2026-05-10 04:27:32,445 INFO Streaming EDA completado para processed_records.csv: 1141426 filas
[eda-processed] 2026-05-10 04:27:32,446 INFO Cargando processed_records.csv con Pandas...
[eda-processed] 2026-05-10 04:27:46,985 INFO Cargado exitosamente con encoding: utf-8
[eda-processed] 2026-05-10 04:27:51,405 INFO Generando evolución histórica...
[eda-processed] 2026-05-10 04:27:51,616 INFO Generando tipos de procesos...
[eda-processed] 2026-05-10 04:27:52,001 INFO Generando carga por departamento...
[eda-processed] 2026-05-10 04:27:52,583 INFO Generando tiempo de resolución...
[eda-processed] 2026-05-10 04:27:55,320 INFO Generando tipos de resolución...
[eda-processed] 2026-05-10 04:27:55,522 INFO Generando heatmap Proceso vs Fallo...
[eda-processed] 2026-05-10 04:27:56,044 INFO Generando evolución de tiempo promedio...
[eda-processed] 2026-05-10 04:27:56,478 INFO Generando tiempo por materia...
[eda-processed] 2026-05-10 04:27:57,017 INFO Generando cluster Carga vs Tiempo...
