[official-scraper] 2026-05-01 14:37:50,138 INFO Seeds oficiales cargadas: 14
[official-scraper] 2026-05-01 14:37:50,138 INFO Iniciando crawler oficial con 250 paginas maximas
[official-scraper] 2026-05-01 14:37:52,909 WARNING No se pudo obtener https://datosabiertos.gob.pe/dataset/expedientes-publicados-por-el-tribunal-constitucional-desde-1992-2025-tribunal-1: HTTPSConnectionPool(host='datosabiertos.gob.pe', port=443): Max retries exceeded with url: /dataset/expedientes-publicados-por-el-tribunal-constitucional-desde-1992-2025-tribunal-1 (Caused by NameResolutionError("HTTPSConnection(host='datosabiertos.gob.pe', port=443): Failed to resolve 'datosabiertos.gob.pe' ([Errno 11001] getaddrinfo failed)"))
[official-scraper] 2026-05-01 14:37:53,522 WARNING No se pudo obtener https://datosabiertos.gob.pe/SEARCH/field_tags/tribunal-constitucional-1560/field_tags/justicia-constitucional-1635?query=&sort_by=changed&sort_order=DESC: HTTPSConnectionPool(host='datosabiertos.gob.pe', port=443): Max retries exceeded with url: /SEARCH/field_tags/tribunal-constitucional-1560/field_tags/justicia-constitucional-1635?query=&sort_by=changed&sort_order=DESC (Caused by NameResolutionError("HTTPSConnection(host='datosabiertos.gob.pe', port=443): Failed to resolve 'datosabiertos.gob.pe' ([Errno 11001] getaddrinfo failed)"))
[official-scraper] 2026-05-01 14:37:53,539 WARNING No se pudo obtener https://datosabiertos.gob.pe/SEARCH/field_tags/procedencia-1416/field_topic/expr%C3%A9sate-per%C3%BA-con-datos-1466?query=&sort_by=changed&sort_order=DESC: HTTPSConnectionPool(host='datosabiertos.gob.pe', port=443): Max retries exceeded with url: /SEARCH/field_tags/procedencia-1416/field_topic/expr%C3%A9sate-per%C3%BA-con-datos-1466?query=&sort_by=changed&sort_order=DESC (Caused by NameResolutionError("HTTPSConnection(host='datosabiertos.gob.pe', port=443): Failed to resolve 'datosabiertos.gob.pe' ([Errno 11001] getaddrinfo failed)"))
[official-scraper] 2026-05-01 14:42:36,893 INFO Seeds oficiales cargadas: 14
[official-scraper] 2026-05-01 14:42:36,893 INFO Iniciando crawler oficial con 250 paginas maximas
[official-scraper] 2026-05-01 14:42:39,506 WARNING No se pudo obtener https://datosabiertos.gob.pe/dataset/expedientes-publicados-por-el-tribunal-constitucional-desde-1992-2025-tribunal-1: HTTPSConnectionPool(host='datosabiertos.gob.pe', port=443): Max retries exceeded with url: /dataset/expedientes-publicados-por-el-tribunal-constitucional-desde-1992-2025-tribunal-1 (Caused by NameResolutionError("HTTPSConnection(host='datosabiertos.gob.pe', port=443): Failed to resolve 'datosabiertos.gob.pe' ([Errno 11001] getaddrinfo failed)"))
[official-scraper] 2026-05-01 14:42:40,116 WARNING No se pudo obtener https://datosabiertos.gob.pe/SEARCH/field_tags/tribunal-constitucional-1560/field_tags/justicia-constitucional-1635?query=&sort_by=changed&sort_order=DESC: HTTPSConnectionPool(host='datosabiertos.gob.pe', port=443): Max retries exceeded with url: /SEARCH/field_tags/tribunal-constitucional-1560/field_tags/justicia-constitucional-1635?query=&sort_by=changed&sort_order=DESC (Caused by NameResolutionError("HTTPSConnection(host='datosabiertos.gob.pe', port=443): Failed to resolve 'datosabiertos.gob.pe' ([Errno 11001] getaddrinfo failed)"))
[official-scraper] 2026-05-01 14:42:40,117 WARNING No se pudo obtener https://datosabiertos.gob.pe/SEARCH/field_tags/procedencia-1416/field_topic/expr%C3%A9sate-per%C3%BA-con-datos-1466?query=&sort_by=changed&sort_order=DESC: HTTPSConnectionPool(host='datosabiertos.gob.pe', port=443): Max retries exceeded with url: /SEARCH/field_tags/procedencia-1416/field_topic/expr%C3%A9sate-per%C3%BA-con-datos-1466?query=&sort_by=changed&sort_order=DESC (Caused by NameResolutionError("HTTPSConnection(host='datosabiertos.gob.pe', port=443): Failed to resolve 'datosabiertos.gob.pe' ([Errno 11001] getaddrinfo failed)"))
[official-scraper] 2026-05-01 14:46:57,460 INFO Seeds oficiales cargadas: 14
[official-scraper] 2026-05-01 14:46:57,460 INFO Iniciando crawler oficial con 250 paginas maximas
[official-scraper] 2026-05-01 14:47:00,111 WARNING No se pudo obtener https://datosabiertos.gob.pe/dataset/expedientes-publicados-por-el-tribunal-constitucional-desde-1992-2025-tribunal-1: HTTPSConnectionPool(host='datosabiertos.gob.pe', port=443): Max retries exceeded with url: /dataset/expedientes-publicados-por-el-tribunal-constitucional-desde-1992-2025-tribunal-1 (Caused by NameResolutionError("HTTPSConnection(host='datosabiertos.gob.pe', port=443): Failed to resolve 'datosabiertos.gob.pe' ([Errno 11001] getaddrinfo failed)"))
[official-scraper] 2026-05-01 14:47:00,732 WARNING No se pudo obtener https://datosabiertos.gob.pe/SEARCH/field_tags/tribunal-constitucional-1560/field_tags/justicia-constitucional-1635?query=&sort_by=changed&sort_order=DESC: HTTPSConnectionPool(host='datosabiertos.gob.pe', port=443): Max retries exceeded with url: /SEARCH/field_tags/tribunal-constitucional-1560/field_tags/justicia-constitucional-1635?query=&sort_by=changed&sort_order=DESC (Caused by NameResolutionError("HTTPSConnection(host='datosabiertos.gob.pe', port=443): Failed to resolve 'datosabiertos.gob.pe' ([Errno 11001] getaddrinfo failed)"))
[official-scraper] 2026-05-01 14:47:00,734 WARNING No se pudo obtener https://datosabiertos.gob.pe/SEARCH/field_tags/procedencia-1416/field_topic/expr%C3%A9sate-per%C3%BA-con-datos-1466?query=&sort_by=changed&sort_order=DESC: HTTPSConnectionPool(host='datosabiertos.gob.pe', port=443): Max retries exceeded with url: /SEARCH/field_tags/procedencia-1416/field_topic/expr%C3%A9sate-per%C3%BA-con-datos-1466?query=&sort_by=changed&sort_order=DESC (Caused by NameResolutionError("HTTPSConnection(host='datosabiertos.gob.pe', port=443): Failed to resolve 'datosabiertos.gob.pe' ([Errno 11001] getaddrinfo failed)"))
[official-scraper] 2026-05-01 14:53:01,631 INFO Seeds oficiales cargadas: 26
[official-scraper] 2026-05-01 14:53:01,631 INFO Iniciando crawler oficial con 250 paginas maximas
[official-scraper] 2026-05-01 14:53:21,956 INFO Se alcanzo el objetivo minimo de registros reales.
[official-scraper] 2026-05-01 14:53:21,956 INFO Fuentes descartadas por rendimiento cero: 22
[official-scraper] 2026-05-01 14:54:45,815 INFO Seeds oficiales cargadas: 26
[official-scraper] 2026-05-01 14:54:45,816 INFO Iniciando crawler oficial con 250 paginas maximas
[official-scraper] 2026-05-01 14:54:47,212 INFO Se alcanzo el objetivo minimo de registros reales.
[official-scraper] 2026-05-01 14:55:18,085 INFO Seeds oficiales cargadas: 26
[official-scraper] 2026-05-01 14:55:18,085 INFO Iniciando crawler oficial con 250 paginas maximas
[official-scraper] 2026-05-01 14:55:19,325 INFO Se alcanzo el objetivo minimo de registros reales.
[official-scraper] 2026-05-01 14:57:27,906 INFO Seeds oficiales cargadas: 26
[official-scraper] 2026-05-01 14:57:27,906 INFO Iniciando crawler oficial con 250 paginas maximas
[official-scraper] 2026-05-01 14:57:29,311 INFO Se alcanzo el objetivo minimo de registros reales.
[official-scraper] 2026-05-01 14:57:54,683 INFO Seeds oficiales cargadas: 26
[official-scraper] 2026-05-01 14:57:54,683 INFO Iniciando crawler oficial con 250 paginas maximas
[official-scraper] 2026-05-01 14:57:56,006 INFO Se alcanzo el objetivo minimo de registros reales.
[official-scraper] 2026-05-01 14:58:14,864 INFO Seeds oficiales cargadas: 26
[official-scraper] 2026-05-01 14:58:14,865 INFO Iniciando crawler oficial con 250 paginas maximas
[official-scraper] 2026-05-01 14:58:16,601 INFO Se alcanzo el objetivo minimo de registros reales.
[official-scraper] 2026-05-01 14:58:43,253 INFO Seeds oficiales cargadas: 26
[official-scraper] 2026-05-01 14:58:43,253 INFO Iniciando crawler oficial con 250 paginas maximas
[official-scraper] 2026-05-01 14:58:53,205 INFO Se alcanzo el objetivo minimo de registros reales.
[official-scraper] 2026-05-01 14:59:41,170 INFO Seeds oficiales cargadas: 26
[official-scraper] 2026-05-01 14:59:41,170 INFO Iniciando crawler oficial con 250 paginas maximas
[official-scraper] 2026-05-01 14:59:54,112 INFO Seeds oficiales cargadas: 26
[official-scraper] 2026-05-01 14:59:54,112 INFO Iniciando crawler oficial con 250 paginas maximas
[official-scraper] 2026-05-01 15:02:01,613 WARNING Solo se obtuvieron 456994 registros oficiales reales; faltan 543006 para llegar a 1000000.
[official-scraper] 2026-05-01 15:02:01,613 INFO Fuentes descartadas por rendimiento cero: 105
[official-scraper] 2026-05-01 20:57:01,353 INFO Seeds oficiales cargadas: 34
[official-scraper] 2026-05-01 20:57:01,353 INFO Iniciando crawler oficial con 400 paginas maximas
[official-scraper] 2026-05-01 20:58:19,471 WARNING No se pudo obtener https://www.datosabiertos.gob.pe/dataset/expedientes-ingresados-al-tribunal-constitucional-desde-1992-2025-tribunal-constitucional-tc: HTTPSConnectionPool(host='www.datosabiertos.gob.pe', port=443): Read timed out. (read timeout=60)
[official-scraper] 2026-05-01 20:58:20,443 WARNING No se pudo obtener https://www.datosabiertos.gob.pe/dataset/expedientes-ingresados-al-tribunal-constitucional-desde-1992-2024-tribunal-constitucional-1: 502 Server Error: Bad Gateway for url: https://www.datosabiertos.gob.pe/dataset/expedientes-ingresados-al-tribunal-constitucional-desde-1992-2024-tribunal-constitucional-1
[official-scraper] 2026-05-01 20:58:20,519 WARNING No se pudo obtener https://www.datosabiertos.gob.pe/dataset/expedientes-publicados-por-el-tribunal-constitucional-desde-1992-2025-tribunal: 502 Server Error: Bad Gateway for url: https://www.datosabiertos.gob.pe/dataset/expedientes-publicados-por-el-tribunal-constitucional-desde-1992-2025-tribunal
[official-scraper] 2026-05-01 20:58:20,593 WARNING No se pudo obtener https://www.datosabiertos.gob.pe/dataset/expedientes-publicados-por-el-tribunal-constitucional-desde-1992-2025-tribunal-1: 502 Server Error: Bad Gateway for url: https://www.datosabiertos.gob.pe/dataset/expedientes-publicados-por-el-tribunal-constitucional-desde-1992-2025-tribunal-1
[official-scraper] 2026-05-01 20:58:20,670 WARNING No se pudo obtener https://www.datosabiertos.gob.pe/dataset/expedientes-ingresados-al-tribunal-constitucional-desde-1992-2024-tribunal-constitucional-tc: 502 Server Error: Bad Gateway for url: https://www.datosabiertos.gob.pe/dataset/expedientes-ingresados-al-tribunal-constitucional-desde-1992-2024-tribunal-constitucional-tc
[official-scraper] 2026-05-01 20:58:20,746 WARNING No se pudo obtener https://www.datosabiertos.gob.pe/dataset/expedientes-ingresados-al-tribunal-constitucional-desde-1992-2023-tribunal-constitucional-tc: 502 Server Error: Bad Gateway for url: https://www.datosabiertos.gob.pe/dataset/expedientes-ingresados-al-tribunal-constitucional-desde-1992-2023-tribunal-constitucional-tc
[official-scraper] 2026-05-01 20:58:20,827 WARNING No se pudo obtener https://www.datosabiertos.gob.pe/group/tribunal-constitucional: 502 Server Error: Bad Gateway for url: https://www.datosabiertos.gob.pe/group/tribunal-constitucional
[official-scraper] 2026-05-01 20:58:20,906 WARNING No se pudo obtener https://www.datosabiertos.gob.pe/SEARCH/field_tags/fallos-1413: 502 Server Error: Bad Gateway for url: https://www.datosabiertos.gob.pe/SEARCH/field_tags/fallos-1413
[official-scraper] 2026-05-01 20:58:20,980 WARNING No se pudo obtener https://www.datosabiertos.gob.pe/SEARCH/field_tags/resoluciones-1497: 502 Server Error: Bad Gateway for url: https://www.datosabiertos.gob.pe/SEARCH/field_tags/resoluciones-1497
[official-scraper] 2026-05-01 20:58:21,059 WARNING No se pudo obtener https://www.datosabiertos.gob.pe/SEARCH/field_tags/sentencias-1559: 502 Server Error: Bad Gateway for url: https://www.datosabiertos.gob.pe/SEARCH/field_tags/sentencias-1559
[official-scraper] 2026-05-01 20:58:21,139 WARNING No se pudo obtener https://www.datosabiertos.gob.pe/SEARCH/field_tags/tribunal-constitucional-1560/field_tags/justicia-constitucional-1635?query=&sort_by=changed&sort_order=DESC: 502 Server Error: Bad Gateway for url: https://www.datosabiertos.gob.pe/SEARCH/field_tags/tribunal-constitucional-1560/field_tags/justicia-constitucional-1635?query=&sort_by=changed&sort_order=DESC
[official-scraper] 2026-05-01 20:58:21,219 WARNING No se pudo obtener https://www.datosabiertos.gob.pe/SEARCH/field_tags/procedencia-1416/field_topic/expr%C3%A9sate-per%C3%BA-con-datos-1466?query=&sort_by=changed&sort_order=DESC: 502 Server Error: Bad Gateway for url: https://www.datosabiertos.gob.pe/SEARCH/field_tags/procedencia-1416/field_topic/expr%C3%A9sate-per%C3%BA-con-datos-1466?query=&sort_by=changed&sort_order=DESC
[official-scraper] 2026-05-01 20:58:21,305 WARNING No se pudo obtener https://www.datosabiertos.gob.pe/SEARCH/field_resources%253Afield_format/csv-14/field_tags/expedientes-judiciales-1462/type/dataset?sort_by=changed: 502 Server Error: Bad Gateway for url: https://www.datosabiertos.gob.pe/SEARCH/field_resources%253Afield_format/csv-14/field_tags/expedientes-judiciales-1462/type/dataset?sort_by=changed
[official-scraper] 2026-05-01 20:58:21,381 WARNING No se pudo obtener https://www.datosabiertos.gob.pe/SEARCH/field_resources%253Afield_format/csv-14/field_tags/expedientes-judiciales-1462/field_topic/expr%C3%A9sate-per%C3%BA-con-datos-1466?sort_by=changed: 502 Server Error: Bad Gateway for url: https://www.datosabiertos.gob.pe/SEARCH/field_resources%253Afield_format/csv-14/field_tags/expedientes-judiciales-1462/field_topic/expr%C3%A9sate-per%C3%BA-con-datos-1466?sort_by=changed
[official-scraper] 2026-05-01 20:58:21,459 WARNING No se pudo obtener https://www.datosabiertos.gob.pe/SEARCH/field_resources%253Afield_format/csv-14/field_tags/expedientes-judiciales-1462/field_topic/gobernabilidad-24/type/dataset?sort_by=changed: 502 Server Error: Bad Gateway for url: https://www.datosabiertos.gob.pe/SEARCH/field_resources%253Afield_format/csv-14/field_tags/expedientes-judiciales-1462/field_topic/gobernabilidad-24/type/dataset?sort_by=changed
[official-scraper] 2026-05-01 20:58:21,536 WARNING No se pudo obtener https://www.datosabiertos.gob.pe/SEARCH/field_tags/justicia-1171/field_tags/expedientes-judiciales-1462?query=&sort_by=changed&sort_order=DESC: 502 Server Error: Bad Gateway for url: https://www.datosabiertos.gob.pe/SEARCH/field_tags/justicia-1171/field_tags/expedientes-judiciales-1462?query=&sort_by=changed&sort_order=DESC
[official-scraper] 2026-05-01 20:59:21,555 WARNING No se pudo obtener https://www.datosabiertos.gob.pe/SEARCH/field_resources%253Afield_format/xlsx-1557/field_tags/justicia-1171: HTTPSConnectionPool(host='www.datosabiertos.gob.pe', port=443): Read timed out. (read timeout=60)
[official-scraper] 2026-05-01 21:00:22,259 WARNING No se pudo obtener https://www.datosabiertos.gob.pe/SEARCH/field_resources%253Afield_format/xlsx-1557/field_tags/expedientes-judiciales-1462/field_topic/expr%C3%A9sate-per%C3%BA-con-datos-1466?query=&sort_by=changed&sort_order=DESC: HTTPSConnectionPool(host='www.datosabiertos.gob.pe', port=443): Read timed out. (read timeout=60)
[official-scraper] 2026-05-01 21:00:23,426 WARNING No se pudo obtener https://www.datosabiertos.gob.pe/group/corte-superior-de-justicia-piura?f%5B0%5D=field_resources%253Afield_format%3A14&f%5B1%5D=author%3A4244&sort_by=changed&sort_order=DESC: 502 Server Error: Bad Gateway for url: https://www.datosabiertos.gob.pe/group/corte-superior-de-justicia-piura?f%5B0%5D=field_resources%253Afield_format%3A14&f%5B1%5D=author%3A4244&sort_by=changed&sort_order=DESC
[official-scraper] 2026-05-01 21:00:23,504 WARNING No se pudo obtener https://www.datosabiertos.gob.pe/node/21505/dataset: 502 Server Error: Bad Gateway for url: https://www.datosabiertos.gob.pe/node/21505/dataset
[official-scraper] 2026-05-01 21:01:00,275 WARNING Solo se obtuvieron 12121 registros oficiales reales; faltan 487879 para llegar a 500000.
[official-scraper] 2026-05-01 21:01:00,277 INFO Fuentes descartadas por rendimiento cero: 24
[official-scraper] 2026-05-01 21:02:37,839 INFO Seeds oficiales cargadas: 34
[official-scraper] 2026-05-01 21:02:37,839 INFO Iniciando crawler oficial con 80 paginas maximas
[official-scraper] 2026-05-01 21:12:14,875 INFO Se alcanzo el objetivo minimo de registros reales.
[official-scraper] 2026-05-01 21:15:21,935 INFO Seeds oficiales cargadas: 34
[official-scraper] 2026-05-01 21:15:21,935 INFO Iniciando crawler oficial con 6 paginas maximas
[official-scraper] 2026-05-01 21:35:31,835 WARNING Se alcanzo el limite de exploracion de 6 paginas antes de llegar a 1000000 registros. Aumenta --max-pages o agrega fuentes directas.
[official-scraper] 2026-05-01 21:35:31,875 WARNING Solo se obtuvieron 910393 registros oficiales reales; faltan 89607 para llegar a 1000000.
